// Jest Snapshot v1, https://goo.gl/fbAQLP

exports[`Pern Component snapshot match form 1`] = `
<form
  method="post"
  onSubmit={[Function]}
>
  <input
    id="pern_name"
    name="pern_name"
    type="text"
  />
  <button
    data-testid="pern-submit-btn"
    id="submit_btn"
    style={
      Object {
        "margin": "10px",
      }
    }
    type="submit"
  >
    Submit
  </button>
</form>
`;
